PEA: PEA__GC0, PEA_adder__GB1, PEA_adder__GB0, 
dpu_top: PEA_adder__GB1, PEA_adder__GB0, dpu_top__GCB0, dpu_top__GCB1, save_data, dm_write_ctrl, buf_writer__GB1, save_datacmd__GC0, PEA__GC0, conv_top__GC0, save_top__GC0, 
save_top: save_top__GC0, save_datacmd__GC0, save_data, 
buf_writer: buf_writer__GB1, dm_write_ctrl, 
DPUCZDX8G_v4_1_0: PEA_adder__GB1, PEA_adder__GB0, dpu_top__GCB0, dpu_top__GCB1, save_data, dm_write_ctrl, DPUCZDX8G_v4_1_0__GC0, buf_writer__GB1, save_datacmd__GC0, PEA__GC0, conv_top__GC0, dpu_wrapper__GC0, save_top__GC0, 
save_datacmd: save_datacmd__GC0, save_data, 
PEA_adder: PEA_adder__GB1, PEA_adder__GB0, 
conv_top: conv_top__GC0, PEA__GC0, PEA_adder__GB1, PEA_adder__GB0, 
dpu_wrapper: PEA_adder__GB1, PEA_adder__GB0, dpu_top__GCB0, dpu_top__GCB1, save_data, dm_write_ctrl, buf_writer__GB1, save_datacmd__GC0, PEA__GC0, conv_top__GC0, dpu_wrapper__GC0, save_top__GC0, 
design_1_dpuczdx8g_0_2: PEA_adder__GB1, PEA_adder__GB0, dpu_top__GCB0, dpu_top__GCB1, save_data, dm_write_ctrl, DPUCZDX8G_v4_1_0__GC0, buf_writer__GB1, save_datacmd__GC0, PEA__GC0, conv_top__GC0, dpu_wrapper__GC0, save_top__GC0, 
