Copyright 1986-2022 Xilinx, Inc. All Rights Reserved.
------------------------------------------------------------------------------------------------------------------------------------------
| Tool Version : Vivado v.2022.2 (lin64) Build 3671981 Fri Oct 14 04:59:54 MDT 2022
| Date         : Mon Jan 29 11:57:10 2024
| Host         : DESKTOP-LCJND1O running 64-bit Ubuntu 20.04.6 LTS
| Command      : report_drc -file design_1_wrapper_drc_routed.rpt -pb design_1_wrapper_drc_routed.pb -rpx design_1_wrapper_drc_routed.rpx
| Design       : design_1_wrapper
| Device       : xc7z020clg400-1
| Speed File   : -1
| Design State : Fully Routed
------------------------------------------------------------------------------------------------------------------------------------------

Report DRC

Table of Contents
-----------------
1. REPORT SUMMARY
2. REPORT DETAILS

1. REPORT SUMMARY
-----------------
            Netlist: netlist
          Floorplan: design_1
      Design limits: <entire design considered>
           Ruledeck: default
             Max violations: <unlimited>
             Violations found: 69
+-----------+----------+-------------------------------+------------+
| Rule      | Severity | Description                   | Violations |
+-----------+----------+-------------------------------+------------+
| DPOP-1    | Warning  | PREG Output pipelining        | 1          |
| DPOP-2    | Warning  | MREG Output pipelining        | 1          |
| REQP-1723 | Warning  | DSP_Abus_sign_bit_restriction | 67         |
+-----------+----------+-------------------------------+------------+

2. REPORT DETAILS
-----------------
DPOP-1#1 Warning
PREG Output pipelining  
DSP design_1_i/dpuczdx8g_0/inst/GenDpu0.u_dpu0/m_dpu_top/m_buf_writer/u_ddr_reader/u_mult_hp0/u_dsp/GenDsp48E1.u_dsp48e1 output design_1_i/dpuczdx8g_0/inst/GenDpu0.u_dpu0/m_dpu_top/m_buf_writer/u_ddr_reader/u_mult_hp0/u_dsp/GenDsp48E1.u_dsp48e1/P[47:0] is not pipelined (PREG=0). Pipelining the DSP48 output will improve performance and often saves power so it is suggested whenever possible to fully pipeline this function.  If this DSP48 function was inferred, it is suggested to describe an additional register stage after this function.  If the DSP48 was instantiated in the design, it is suggested to set the PREG attribute to 1.
Related violations: <none>

DPOP-2#1 Warning
MREG Output pipelining  
DSP design_1_i/dpuczdx8g_0/inst/GenDpu0.u_dpu0/m_dpu_top/m_save_top/u_save_fetch_param/mul_c_reg multiplier stage design_1_i/dpuczdx8g_0/inst/GenDpu0.u_dpu0/m_dpu_top/m_save_top/u_save_fetch_param/mul_c_reg/P[47:0] is not pipelined (MREG=0). Pipelining the multiplier function will improve performance and will save significant power so it is suggested whenever possible to fully pipeline this function.  If this multiplier was inferred, it is suggested to describe an additional register stage after this function.  If there is no registered adder/accumulator following the multiply function, two pipeline stages are suggested to allow both the MREG and PREG registers to be used.  If the DSP48 was instantiated in the design, it is suggested to set both the MREG and PREG attributes to 1 when performing multiply functions.
Related violations: <none>

REQP-1723#1 Warning
DSP_Abus_sign_bit_restriction  
design_1_i/dpuczdx8g_0/inst/GenDpu0.u_dpu0/m_dpu_top/m_alu_top/u_alu_parser/u_alu_mac_parser/u_jump_str_oset/u_dsp/GenDsp48E1.u_dsp48e1: When using the PreAdder and USE_DPORT is TRUE, the A operand should be restricted to 24 bit two's complement (and sign extended) to avoid over/underflow in the pre-add stage.
Related violations: <none>

REQP-1723#2 Warning
DSP_Abus_sign_bit_restriction  
design_1_i/dpuczdx8g_0/inst/GenDpu0.u_dpu0/m_dpu_top/m_alu_top/u_alu_parser/u_alu_mac_parser/u_jump_str_w_act/u_dsp/GenDsp48E1.u_dsp48e1: When using the PreAdder and USE_DPORT is TRUE, the A operand should be restricted to 24 bit two's complement (and sign extended) to avoid over/underflow in the pre-add stage.
Related violations: <none>

REQP-1723#3 Warning
DSP_Abus_sign_bit_restriction  
design_1_i/dpuczdx8g_0/inst/GenDpu0.u_dpu0/m_dpu_top/m_alu_top/u_alu_parser/u_alu_mac_parser/u_mult_img_in_w/u_dsp/GenDsp48E1.u_dsp48e1: When using the PreAdder and USE_DPORT is TRUE, the A operand should be restricted to 24 bit two's complement (and sign extended) to avoid over/underflow in the pre-add stage.
Related violations: <none>

REQP-1723#4 Warning
DSP_Abus_sign_bit_restriction  
design_1_i/dpuczdx8g_0/inst/GenDpu0.u_dpu0/m_dpu_top/m_conv_top/inst_pea/u_mults/GenAddGrp[0].GenAddCh[0].GenMultOcp[0].u_mult_dsp_tree/GenMultPair[0].Gen8x8.u_mult_dsp/u_dsp/GenDsp48E1.u_dsp48e1: When using the PreAdder and USE_DPORT is TRUE, the A operand should be restricted to 24 bit two's complement (and sign extended) to avoid over/underflow in the pre-add stage.
Related violations: <none>

REQP-1723#5 Warning
DSP_Abus_sign_bit_restriction  
design_1_i/dpuczdx8g_0/inst/GenDpu0.u_dpu0/m_dpu_top/m_conv_top/inst_pea/u_mults/GenAddGrp[0].GenAddCh[0].GenMultOcp[0].u_mult_dsp_tree/GenMultPair[1].Gen8x8.u_mult_dsp/u_dsp/GenDsp48E1.u_dsp48e1: When using the PreAdder and USE_DPORT is TRUE, the A operand should be restricted to 24 bit two's complement (and sign extended) to avoid over/underflow in the pre-add stage.
Related violations: <none>

REQP-1723#6 Warning
DSP_Abus_sign_bit_restriction  
design_1_i/dpuczdx8g_0/inst/GenDpu0.u_dpu0/m_dpu_top/m_conv_top/inst_pea/u_mults/GenAddGrp[0].GenAddCh[0].GenMultOcp[1].u_mult_dsp_tree/GenMultPair[0].Gen8x8.u_mult_dsp/u_dsp/GenDsp48E1.u_dsp48e1: When using the PreAdder and USE_DPORT is TRUE, the A operand should be restricted to 24 bit two's complement (and sign extended) to avoid over/underflow in the pre-add stage.
Related violations: <none>

REQP-1723#7 Warning
DSP_Abus_sign_bit_restriction  
design_1_i/dpuczdx8g_0/inst/GenDpu0.u_dpu0/m_dpu_top/m_conv_top/inst_pea/u_mults/GenAddGrp[0].GenAddCh[0].GenMultOcp[1].u_mult_dsp_tree/GenMultPair[1].Gen8x8.u_mult_dsp/u_dsp/GenDsp48E1.u_dsp48e1: When using the PreAdder and USE_DPORT is TRUE, the A operand should be restricted to 24 bit two's complement (and sign extended) to avoid over/underflow in the pre-add stage.
Related violations: <none>

REQP-1723#8 Warning
DSP_Abus_sign_bit_restriction  
design_1_i/dpuczdx8g_0/inst/GenDpu0.u_dpu0/m_dpu_top/m_conv_top/inst_pea/u_mults/GenAddGrp[0].GenAddCh[0].GenMultOcp[2].u_mult_dsp_tree/GenMultPair[0].Gen8x8.u_mult_dsp/u_dsp/GenDsp48E1.u_dsp48e1: When using the PreAdder and USE_DPORT is TRUE, the A operand should be restricted to 24 bit two's complement (and sign extended) to avoid over/underflow in the pre-add stage.
Related violations: <none>

REQP-1723#9 Warning
DSP_Abus_sign_bit_restriction  
design_1_i/dpuczdx8g_0/inst/GenDpu0.u_dpu0/m_dpu_top/m_conv_top/inst_pea/u_mults/GenAddGrp[0].GenAddCh[0].GenMultOcp[2].u_mult_dsp_tree/GenMultPair[1].Gen8x8.u_mult_dsp/u_dsp/GenDsp48E1.u_dsp48e1: When using the PreAdder and USE_DPORT is TRUE, the A operand should be restricted to 24 bit two's complement (and sign extended) to avoid over/underflow in the pre-add stage.
Related violations: <none>

REQP-1723#10 Warning
DSP_Abus_sign_bit_restriction  
design_1_i/dpuczdx8g_0/inst/GenDpu0.u_dpu0/m_dpu_top/m_conv_top/inst_pea/u_mults/GenAddGrp[0].GenAddCh[0].GenMultOcp[3].u_mult_dsp_tree/GenMultPair[0].Gen8x8.u_mult_dsp/u_dsp/GenDsp48E1.u_dsp48e1: When using the PreAdder and USE_DPORT is TRUE, the A operand should be restricted to 24 bit two's complement (and sign extended) to avoid over/underflow in the pre-add stage.
Related violations: <none>

REQP-1723#11 Warning
DSP_Abus_sign_bit_restriction  
design_1_i/dpuczdx8g_0/inst/GenDpu0.u_dpu0/m_dpu_top/m_conv_top/inst_pea/u_mults/GenAddGrp[0].GenAddCh[0].GenMultOcp[3].u_mult_dsp_tree/GenMultPair[1].Gen8x8.u_mult_dsp/u_dsp/GenDsp48E1.u_dsp48e1: When using the PreAdder and USE_DPORT is TRUE, the A operand should be restricted to 24 bit two's complement (and sign extended) to avoid over/underflow in the pre-add stage.
Related violations: <none>

REQP-1723#12 Warning
DSP_Abus_sign_bit_restriction  
design_1_i/dpuczdx8g_0/inst/GenDpu0.u_dpu0/m_dpu_top/m_conv_top/inst_pea/u_mults/GenAddGrp[1].GenAddCh[0].GenMultOcp[0].u_mult_dsp_tree/GenMultPair[0].Gen8x8.u_mult_dsp/u_dsp/GenDsp48E1.u_dsp48e1: When using the PreAdder and USE_DPORT is TRUE, the A operand should be restricted to 24 bit two's complement (and sign extended) to avoid over/underflow in the pre-add stage.
Related violations: <none>

REQP-1723#13 Warning
DSP_Abus_sign_bit_restriction  
design_1_i/dpuczdx8g_0/inst/GenDpu0.u_dpu0/m_dpu_top/m_conv_top/inst_pea/u_mults/GenAddGrp[1].GenAddCh[0].GenMultOcp[0].u_mult_dsp_tree/GenMultPair[1].Gen8x8.u_mult_dsp/u_dsp/GenDsp48E1.u_dsp48e1: When using the PreAdder and USE_DPORT is TRUE, the A operand should be restricted to 24 bit two's complement (and sign extended) to avoid over/underflow in the pre-add stage.
Related violations: <none>

REQP-1723#14 Warning
DSP_Abus_sign_bit_restriction  
design_1_i/dpuczdx8g_0/inst/GenDpu0.u_dpu0/m_dpu_top/m_conv_top/inst_pea/u_mults/GenAddGrp[1].GenAddCh[0].GenMultOcp[1].u_mult_dsp_tree/GenMultPair[0].Gen8x8.u_mult_dsp/u_dsp/GenDsp48E1.u_dsp48e1: When using the PreAdder and USE_DPORT is TRUE, the A operand should be restricted to 24 bit two's complement (and sign extended) to avoid over/underflow in the pre-add stage.
Related violations: <none>

REQP-1723#15 Warning
DSP_Abus_sign_bit_restriction  
design_1_i/dpuczdx8g_0/inst/GenDpu0.u_dpu0/m_dpu_top/m_conv_top/inst_pea/u_mults/GenAddGrp[1].GenAddCh[0].GenMultOcp[1].u_mult_dsp_tree/GenMultPair[1].Gen8x8.u_mult_dsp/u_dsp/GenDsp48E1.u_dsp48e1: When using the PreAdder and USE_DPORT is TRUE, the A operand should be restricted to 24 bit two's complement (and sign extended) to avoid over/underflow in the pre-add stage.
Related violations: <none>

REQP-1723#16 Warning
DSP_Abus_sign_bit_restriction  
design_1_i/dpuczdx8g_0/inst/GenDpu0.u_dpu0/m_dpu_top/m_conv_top/inst_pea/u_mults/GenAddGrp[1].GenAddCh[0].GenMultOcp[2].u_mult_dsp_tree/GenMultPair[0].Gen8x8.u_mult_dsp/u_dsp/GenDsp48E1.u_dsp48e1: When using the PreAdder and USE_DPORT is TRUE, the A operand should be restricted to 24 bit two's complement (and sign extended) to avoid over/underflow in the pre-add stage.
Related violations: <none>

REQP-1723#17 Warning
DSP_Abus_sign_bit_restriction  
design_1_i/dpuczdx8g_0/inst/GenDpu0.u_dpu0/m_dpu_top/m_conv_top/inst_pea/u_mults/GenAddGrp[1].GenAddCh[0].GenMultOcp[2].u_mult_dsp_tree/GenMultPair[1].Gen8x8.u_mult_dsp/u_dsp/GenDsp48E1.u_dsp48e1: When using the PreAdder and USE_DPORT is TRUE, the A operand should be restricted to 24 bit two's complement (and sign extended) to avoid over/underflow in the pre-add stage.
Related violations: <none>

REQP-1723#18 Warning
DSP_Abus_sign_bit_restriction  
design_1_i/dpuczdx8g_0/inst/GenDpu0.u_dpu0/m_dpu_top/m_conv_top/inst_pea/u_mults/GenAddGrp[1].GenAddCh[0].GenMultOcp[3].u_mult_dsp_tree/GenMultPair[0].Gen8x8.u_mult_dsp/u_dsp/GenDsp48E1.u_dsp48e1: When using the PreAdder and USE_DPORT is TRUE, the A operand should be restricted to 24 bit two's complement (and sign extended) to avoid over/underflow in the pre-add stage.
Related violations: <none>

REQP-1723#19 Warning
DSP_Abus_sign_bit_restriction  
design_1_i/dpuczdx8g_0/inst/GenDpu0.u_dpu0/m_dpu_top/m_conv_top/inst_pea/u_mults/GenAddGrp[1].GenAddCh[0].GenMultOcp[3].u_mult_dsp_tree/GenMultPair[1].Gen8x8.u_mult_dsp/u_dsp/GenDsp48E1.u_dsp48e1: When using the PreAdder and USE_DPORT is TRUE, the A operand should be restricted to 24 bit two's complement (and sign extended) to avoid over/underflow in the pre-add stage.
Related violations: <none>

REQP-1723#20 Warning
DSP_Abus_sign_bit_restriction  
design_1_i/dpuczdx8g_0/inst/GenDpu0.u_dpu0/m_dpu_top/m_conv_top/inst_pea/u_mults/GenAddGrp[2].GenAddCh[0].GenMultOcp[0].u_mult_dsp_tree/GenMultPair[0].Gen8x8.u_mult_dsp/u_dsp/GenDsp48E1.u_dsp48e1: When using the PreAdder and USE_DPORT is TRUE, the A operand should be restricted to 24 bit two's complement (and sign extended) to avoid over/underflow in the pre-add stage.
Related violations: <none>

REQP-1723#21 Warning
DSP_Abus_sign_bit_restriction  
design_1_i/dpuczdx8g_0/inst/GenDpu0.u_dpu0/m_dpu_top/m_conv_top/inst_pea/u_mults/GenAddGrp[2].GenAddCh[0].GenMultOcp[0].u_mult_dsp_tree/GenMultPair[1].Gen8x8.u_mult_dsp/u_dsp/GenDsp48E1.u_dsp48e1: When using the PreAdder and USE_DPORT is TRUE, the A operand should be restricted to 24 bit two's complement (and sign extended) to avoid over/underflow in the pre-add stage.
Related violations: <none>

REQP-1723#22 Warning
DSP_Abus_sign_bit_restriction  
design_1_i/dpuczdx8g_0/inst/GenDpu0.u_dpu0/m_dpu_top/m_conv_top/inst_pea/u_mults/GenAddGrp[2].GenAddCh[0].GenMultOcp[1].u_mult_dsp_tree/GenMultPair[0].Gen8x8.u_mult_dsp/u_dsp/GenDsp48E1.u_dsp48e1: When using the PreAdder and USE_DPORT is TRUE, the A operand should be restricted to 24 bit two's complement (and sign extended) to avoid over/underflow in the pre-add stage.
Related violations: <none>

REQP-1723#23 Warning
DSP_Abus_sign_bit_restriction  
design_1_i/dpuczdx8g_0/inst/GenDpu0.u_dpu0/m_dpu_top/m_conv_top/inst_pea/u_mults/GenAddGrp[2].GenAddCh[0].GenMultOcp[1].u_mult_dsp_tree/GenMultPair[1].Gen8x8.u_mult_dsp/u_dsp/GenDsp48E1.u_dsp48e1: When using the PreAdder and USE_DPORT is TRUE, the A operand should be restricted to 24 bit two's complement (and sign extended) to avoid over/underflow in the pre-add stage.
Related violations: <none>

REQP-1723#24 Warning
DSP_Abus_sign_bit_restriction  
design_1_i/dpuczdx8g_0/inst/GenDpu0.u_dpu0/m_dpu_top/m_conv_top/inst_pea/u_mults/GenAddGrp[2].GenAddCh[0].GenMultOcp[2].u_mult_dsp_tree/GenMultPair[0].Gen8x8.u_mult_dsp/u_dsp/GenDsp48E1.u_dsp48e1: When using the PreAdder and USE_DPORT is TRUE, the A operand should be restricted to 24 bit two's complement (and sign extended) to avoid over/underflow in the pre-add stage.
Related violations: <none>

REQP-1723#25 Warning
DSP_Abus_sign_bit_restriction  
design_1_i/dpuczdx8g_0/inst/GenDpu0.u_dpu0/m_dpu_top/m_conv_top/inst_pea/u_mults/GenAddGrp[2].GenAddCh[0].GenMultOcp[2].u_mult_dsp_tree/GenMultPair[1].Gen8x8.u_mult_dsp/u_dsp/GenDsp48E1.u_dsp48e1: When using the PreAdder and USE_DPORT is TRUE, the A operand should be restricted to 24 bit two's complement (and sign extended) to avoid over/underflow in the pre-add stage.
Related violations: <none>

REQP-1723#26 Warning
DSP_Abus_sign_bit_restriction  
design_1_i/dpuczdx8g_0/inst/GenDpu0.u_dpu0/m_dpu_top/m_conv_top/inst_pea/u_mults/GenAddGrp[2].GenAddCh[0].GenMultOcp[3].u_mult_dsp_tree/GenMultPair[0].Gen8x8.u_mult_dsp/u_dsp/GenDsp48E1.u_dsp48e1: When using the PreAdder and USE_DPORT is TRUE, the A operand should be restricted to 24 bit two's complement (and sign extended) to avoid over/underflow in the pre-add stage.
Related violations: <none>

REQP-1723#27 Warning
DSP_Abus_sign_bit_restriction  
design_1_i/dpuczdx8g_0/inst/GenDpu0.u_dpu0/m_dpu_top/m_conv_top/inst_pea/u_mults/GenAddGrp[2].GenAddCh[0].GenMultOcp[3].u_mult_dsp_tree/GenMultPair[1].Gen8x8.u_mult_dsp/u_dsp/GenDsp48E1.u_dsp48e1: When using the PreAdder and USE_DPORT is TRUE, the A operand should be restricted to 24 bit two's complement (and sign extended) to avoid over/underflow in the pre-add stage.
Related violations: <none>

REQP-1723#28 Warning
DSP_Abus_sign_bit_restriction  
design_1_i/dpuczdx8g_0/inst/GenDpu0.u_dpu0/m_dpu_top/m_conv_top/inst_pea/u_mults/GenAddGrp[3].GenAddCh[0].GenMultOcp[0].u_mult_dsp_tree/GenMultPair[0].Gen8x8.u_mult_dsp/u_dsp/GenDsp48E1.u_dsp48e1: When using the PreAdder and USE_DPORT is TRUE, the A operand should be restricted to 24 bit two's complement (and sign extended) to avoid over/underflow in the pre-add stage.
Related violations: <none>

REQP-1723#29 Warning
DSP_Abus_sign_bit_restriction  
design_1_i/dpuczdx8g_0/inst/GenDpu0.u_dpu0/m_dpu_top/m_conv_top/inst_pea/u_mults/GenAddGrp[3].GenAddCh[0].GenMultOcp[0].u_mult_dsp_tree/GenMultPair[1].Gen8x8.u_mult_dsp/u_dsp/GenDsp48E1.u_dsp48e1: When using the PreAdder and USE_DPORT is TRUE, the A operand should be restricted to 24 bit two's complement (and sign extended) to avoid over/underflow in the pre-add stage.
Related violations: <none>

REQP-1723#30 Warning
DSP_Abus_sign_bit_restriction  
design_1_i/dpuczdx8g_0/inst/GenDpu0.u_dpu0/m_dpu_top/m_conv_top/inst_pea/u_mults/GenAddGrp[3].GenAddCh[0].GenMultOcp[1].u_mult_dsp_tree/GenMultPair[0].Gen8x8.u_mult_dsp/u_dsp/GenDsp48E1.u_dsp48e1: When using the PreAdder and USE_DPORT is TRUE, the A operand should be restricted to 24 bit two's complement (and sign extended) to avoid over/underflow in the pre-add stage.
Related violations: <none>

REQP-1723#31 Warning
DSP_Abus_sign_bit_restriction  
design_1_i/dpuczdx8g_0/inst/GenDpu0.u_dpu0/m_dpu_top/m_conv_top/inst_pea/u_mults/GenAddGrp[3].GenAddCh[0].GenMultOcp[1].u_mult_dsp_tree/GenMultPair[1].Gen8x8.u_mult_dsp/u_dsp/GenDsp48E1.u_dsp48e1: When using the PreAdder and USE_DPORT is TRUE, the A operand should be restricted to 24 bit two's complement (and sign extended) to avoid over/underflow in the pre-add stage.
Related violations: <none>

REQP-1723#32 Warning
DSP_Abus_sign_bit_restriction  
design_1_i/dpuczdx8g_0/inst/GenDpu0.u_dpu0/m_dpu_top/m_conv_top/inst_pea/u_mults/GenAddGrp[3].GenAddCh[0].GenMultOcp[2].u_mult_dsp_tree/GenMultPair[0].Gen8x8.u_mult_dsp/u_dsp/GenDsp48E1.u_dsp48e1: When using the PreAdder and USE_DPORT is TRUE, the A operand should be restricted to 24 bit two's complement (and sign extended) to avoid over/underflow in the pre-add stage.
Related violations: <none>

REQP-1723#33 Warning
DSP_Abus_sign_bit_restriction  
design_1_i/dpuczdx8g_0/inst/GenDpu0.u_dpu0/m_dpu_top/m_conv_top/inst_pea/u_mults/GenAddGrp[3].GenAddCh[0].GenMultOcp[2].u_mult_dsp_tree/GenMultPair[1].Gen8x8.u_mult_dsp/u_dsp/GenDsp48E1.u_dsp48e1: When using the PreAdder and USE_DPORT is TRUE, the A operand should be restricted to 24 bit two's complement (and sign extended) to avoid over/underflow in the pre-add stage.
Related violations: <none>

REQP-1723#34 Warning
DSP_Abus_sign_bit_restriction  
design_1_i/dpuczdx8g_0/inst/GenDpu0.u_dpu0/m_dpu_top/m_conv_top/inst_pea/u_mults/GenAddGrp[3].GenAddCh[0].GenMultOcp[3].u_mult_dsp_tree/GenMultPair[0].Gen8x8.u_mult_dsp/u_dsp/GenDsp48E1.u_dsp48e1: When using the PreAdder and USE_DPORT is TRUE, the A operand should be restricted to 24 bit two's complement (and sign extended) to avoid over/underflow in the pre-add stage.
Related violations: <none>

REQP-1723#35 Warning
DSP_Abus_sign_bit_restriction  
design_1_i/dpuczdx8g_0/inst/GenDpu0.u_dpu0/m_dpu_top/m_conv_top/inst_pea/u_mults/GenAddGrp[3].GenAddCh[0].GenMultOcp[3].u_mult_dsp_tree/GenMultPair[1].Gen8x8.u_mult_dsp/u_dsp/GenDsp48E1.u_dsp48e1: When using the PreAdder and USE_DPORT is TRUE, the A operand should be restricted to 24 bit two's complement (and sign extended) to avoid over/underflow in the pre-add stage.
Related violations: <none>

REQP-1723#36 Warning
DSP_Abus_sign_bit_restriction  
design_1_i/dpuczdx8g_0/inst/GenDpu0.u_dpu0/m_dpu_top/m_conv_top/inst_pea/u_mults/GenAddGrp[4].GenAddCh[0].GenMultOcp[0].u_mult_dsp_tree/GenMultPair[0].Gen8x8.u_mult_dsp/u_dsp/GenDsp48E1.u_dsp48e1: When using the PreAdder and USE_DPORT is TRUE, the A operand should be restricted to 24 bit two's complement (and sign extended) to avoid over/underflow in the pre-add stage.
Related violations: <none>

REQP-1723#37 Warning
DSP_Abus_sign_bit_restriction  
design_1_i/dpuczdx8g_0/inst/GenDpu0.u_dpu0/m_dpu_top/m_conv_top/inst_pea/u_mults/GenAddGrp[4].GenAddCh[0].GenMultOcp[0].u_mult_dsp_tree/GenMultPair[1].Gen8x8.u_mult_dsp/u_dsp/GenDsp48E1.u_dsp48e1: When using the PreAdder and USE_DPORT is TRUE, the A operand should be restricted to 24 bit two's complement (and sign extended) to avoid over/underflow in the pre-add stage.
Related violations: <none>

REQP-1723#38 Warning
DSP_Abus_sign_bit_restriction  
design_1_i/dpuczdx8g_0/inst/GenDpu0.u_dpu0/m_dpu_top/m_conv_top/inst_pea/u_mults/GenAddGrp[4].GenAddCh[0].GenMultOcp[1].u_mult_dsp_tree/GenMultPair[0].Gen8x8.u_mult_dsp/u_dsp/GenDsp48E1.u_dsp48e1: When using the PreAdder and USE_DPORT is TRUE, the A operand should be restricted to 24 bit two's complement (and sign extended) to avoid over/underflow in the pre-add stage.
Related violations: <none>

REQP-1723#39 Warning
DSP_Abus_sign_bit_restriction  
design_1_i/dpuczdx8g_0/inst/GenDpu0.u_dpu0/m_dpu_top/m_conv_top/inst_pea/u_mults/GenAddGrp[4].GenAddCh[0].GenMultOcp[1].u_mult_dsp_tree/GenMultPair[1].Gen8x8.u_mult_dsp/u_dsp/GenDsp48E1.u_dsp48e1: When using the PreAdder and USE_DPORT is TRUE, the A operand should be restricted to 24 bit two's complement (and sign extended) to avoid over/underflow in the pre-add stage.
Related violations: <none>

REQP-1723#40 Warning
DSP_Abus_sign_bit_restriction  
design_1_i/dpuczdx8g_0/inst/GenDpu0.u_dpu0/m_dpu_top/m_conv_top/inst_pea/u_mults/GenAddGrp[4].GenAddCh[0].GenMultOcp[2].u_mult_dsp_tree/GenMultPair[0].Gen8x8.u_mult_dsp/u_dsp/GenDsp48E1.u_dsp48e1: When using the PreAdder and USE_DPORT is TRUE, the A operand should be restricted to 24 bit two's complement (and sign extended) to avoid over/underflow in the pre-add stage.
Related violations: <none>

REQP-1723#41 Warning
DSP_Abus_sign_bit_restriction  
design_1_i/dpuczdx8g_0/inst/GenDpu0.u_dpu0/m_dpu_top/m_conv_top/inst_pea/u_mults/GenAddGrp[4].GenAddCh[0].GenMultOcp[2].u_mult_dsp_tree/GenMultPair[1].Gen8x8.u_mult_dsp/u_dsp/GenDsp48E1.u_dsp48e1: When using the PreAdder and USE_DPORT is TRUE, the A operand should be restricted to 24 bit two's complement (and sign extended) to avoid over/underflow in the pre-add stage.
Related violations: <none>

REQP-1723#42 Warning
DSP_Abus_sign_bit_restriction  
design_1_i/dpuczdx8g_0/inst/GenDpu0.u_dpu0/m_dpu_top/m_conv_top/inst_pea/u_mults/GenAddGrp[4].GenAddCh[0].GenMultOcp[3].u_mult_dsp_tree/GenMultPair[0].Gen8x8.u_mult_dsp/u_dsp/GenDsp48E1.u_dsp48e1: When using the PreAdder and USE_DPORT is TRUE, the A operand should be restricted to 24 bit two's complement (and sign extended) to avoid over/underflow in the pre-add stage.
Related violations: <none>

REQP-1723#43 Warning
DSP_Abus_sign_bit_restriction  
design_1_i/dpuczdx8g_0/inst/GenDpu0.u_dpu0/m_dpu_top/m_conv_top/inst_pea/u_mults/GenAddGrp[4].GenAddCh[0].GenMultOcp[3].u_mult_dsp_tree/GenMultPair[1].Gen8x8.u_mult_dsp/u_dsp/GenDsp48E1.u_dsp48e1: When using the PreAdder and USE_DPORT is TRUE, the A operand should be restricted to 24 bit two's complement (and sign extended) to avoid over/underflow in the pre-add stage.
Related violations: <none>

REQP-1723#44 Warning
DSP_Abus_sign_bit_restriction  
design_1_i/dpuczdx8g_0/inst/GenDpu0.u_dpu0/m_dpu_top/m_conv_top/inst_pea/u_mults/GenAddGrp[5].GenAddCh[0].GenMultOcp[0].u_mult_dsp_tree/GenMultPair[0].Gen8x8.u_mult_dsp/u_dsp/GenDsp48E1.u_dsp48e1: When using the PreAdder and USE_DPORT is TRUE, the A operand should be restricted to 24 bit two's complement (and sign extended) to avoid over/underflow in the pre-add stage.
Related violations: <none>

REQP-1723#45 Warning
DSP_Abus_sign_bit_restriction  
design_1_i/dpuczdx8g_0/inst/GenDpu0.u_dpu0/m_dpu_top/m_conv_top/inst_pea/u_mults/GenAddGrp[5].GenAddCh[0].GenMultOcp[0].u_mult_dsp_tree/GenMultPair[1].Gen8x8.u_mult_dsp/u_dsp/GenDsp48E1.u_dsp48e1: When using the PreAdder and USE_DPORT is TRUE, the A operand should be restricted to 24 bit two's complement (and sign extended) to avoid over/underflow in the pre-add stage.
Related violations: <none>

REQP-1723#46 Warning
DSP_Abus_sign_bit_restriction  
design_1_i/dpuczdx8g_0/inst/GenDpu0.u_dpu0/m_dpu_top/m_conv_top/inst_pea/u_mults/GenAddGrp[5].GenAddCh[0].GenMultOcp[1].u_mult_dsp_tree/GenMultPair[0].Gen8x8.u_mult_dsp/u_dsp/GenDsp48E1.u_dsp48e1: When using the PreAdder and USE_DPORT is TRUE, the A operand should be restricted to 24 bit two's complement (and sign extended) to avoid over/underflow in the pre-add stage.
Related violations: <none>

REQP-1723#47 Warning
DSP_Abus_sign_bit_restriction  
design_1_i/dpuczdx8g_0/inst/GenDpu0.u_dpu0/m_dpu_top/m_conv_top/inst_pea/u_mults/GenAddGrp[5].GenAddCh[0].GenMultOcp[1].u_mult_dsp_tree/GenMultPair[1].Gen8x8.u_mult_dsp/u_dsp/GenDsp48E1.u_dsp48e1: When using the PreAdder and USE_DPORT is TRUE, the A operand should be restricted to 24 bit two's complement (and sign extended) to avoid over/underflow in the pre-add stage.
Related violations: <none>

REQP-1723#48 Warning
DSP_Abus_sign_bit_restriction  
design_1_i/dpuczdx8g_0/inst/GenDpu0.u_dpu0/m_dpu_top/m_conv_top/inst_pea/u_mults/GenAddGrp[5].GenAddCh[0].GenMultOcp[2].u_mult_dsp_tree/GenMultPair[0].Gen8x8.u_mult_dsp/u_dsp/GenDsp48E1.u_dsp48e1: When using the PreAdder and USE_DPORT is TRUE, the A operand should be restricted to 24 bit two's complement (and sign extended) to avoid over/underflow in the pre-add stage.
Related violations: <none>

REQP-1723#49 Warning
DSP_Abus_sign_bit_restriction  
design_1_i/dpuczdx8g_0/inst/GenDpu0.u_dpu0/m_dpu_top/m_conv_top/inst_pea/u_mults/GenAddGrp[5].GenAddCh[0].GenMultOcp[2].u_mult_dsp_tree/GenMultPair[1].Gen8x8.u_mult_dsp/u_dsp/GenDsp48E1.u_dsp48e1: When using the PreAdder and USE_DPORT is TRUE, the A operand should be restricted to 24 bit two's complement (and sign extended) to avoid over/underflow in the pre-add stage.
Related violations: <none>

REQP-1723#50 Warning
DSP_Abus_sign_bit_restriction  
design_1_i/dpuczdx8g_0/inst/GenDpu0.u_dpu0/m_dpu_top/m_conv_top/inst_pea/u_mults/GenAddGrp[5].GenAddCh[0].GenMultOcp[3].u_mult_dsp_tree/GenMultPair[0].Gen8x8.u_mult_dsp/u_dsp/GenDsp48E1.u_dsp48e1: When using the PreAdder and USE_DPORT is TRUE, the A operand should be restricted to 24 bit two's complement (and sign extended) to avoid over/underflow in the pre-add stage.
Related violations: <none>

REQP-1723#51 Warning
DSP_Abus_sign_bit_restriction  
design_1_i/dpuczdx8g_0/inst/GenDpu0.u_dpu0/m_dpu_top/m_conv_top/inst_pea/u_mults/GenAddGrp[5].GenAddCh[0].GenMultOcp[3].u_mult_dsp_tree/GenMultPair[1].Gen8x8.u_mult_dsp/u_dsp/GenDsp48E1.u_dsp48e1: When using the PreAdder and USE_DPORT is TRUE, the A operand should be restricted to 24 bit two's complement (and sign extended) to avoid over/underflow in the pre-add stage.
Related violations: <none>

REQP-1723#52 Warning
DSP_Abus_sign_bit_restriction  
design_1_i/dpuczdx8g_0/inst/GenDpu0.u_dpu0/m_dpu_top/m_conv_top/inst_pea/u_mults/GenAddGrp[6].GenAddCh[0].GenMultOcp[0].u_mult_dsp_tree/GenMultPair[0].Gen8x8.u_mult_dsp/u_dsp/GenDsp48E1.u_dsp48e1: When using the PreAdder and USE_DPORT is TRUE, the A operand should be restricted to 24 bit two's complement (and sign extended) to avoid over/underflow in the pre-add stage.
Related violations: <none>

REQP-1723#53 Warning
DSP_Abus_sign_bit_restriction  
design_1_i/dpuczdx8g_0/inst/GenDpu0.u_dpu0/m_dpu_top/m_conv_top/inst_pea/u_mults/GenAddGrp[6].GenAddCh[0].GenMultOcp[0].u_mult_dsp_tree/GenMultPair[1].Gen8x8.u_mult_dsp/u_dsp/GenDsp48E1.u_dsp48e1: When using the PreAdder and USE_DPORT is TRUE, the A operand should be restricted to 24 bit two's complement (and sign extended) to avoid over/underflow in the pre-add stage.
Related violations: <none>

REQP-1723#54 Warning
DSP_Abus_sign_bit_restriction  
design_1_i/dpuczdx8g_0/inst/GenDpu0.u_dpu0/m_dpu_top/m_conv_top/inst_pea/u_mults/GenAddGrp[6].GenAddCh[0].GenMultOcp[1].u_mult_dsp_tree/GenMultPair[0].Gen8x8.u_mult_dsp/u_dsp/GenDsp48E1.u_dsp48e1: When using the PreAdder and USE_DPORT is TRUE, the A operand should be restricted to 24 bit two's complement (and sign extended) to avoid over/underflow in the pre-add stage.
Related violations: <none>

REQP-1723#55 Warning
DSP_Abus_sign_bit_restriction  
design_1_i/dpuczdx8g_0/inst/GenDpu0.u_dpu0/m_dpu_top/m_conv_top/inst_pea/u_mults/GenAddGrp[6].GenAddCh[0].GenMultOcp[1].u_mult_dsp_tree/GenMultPair[1].Gen8x8.u_mult_dsp/u_dsp/GenDsp48E1.u_dsp48e1: When using the PreAdder and USE_DPORT is TRUE, the A operand should be restricted to 24 bit two's complement (and sign extended) to avoid over/underflow in the pre-add stage.
Related violations: <none>

REQP-1723#56 Warning
DSP_Abus_sign_bit_restriction  
design_1_i/dpuczdx8g_0/inst/GenDpu0.u_dpu0/m_dpu_top/m_conv_top/inst_pea/u_mults/GenAddGrp[6].GenAddCh[0].GenMultOcp[2].u_mult_dsp_tree/GenMultPair[0].Gen8x8.u_mult_dsp/u_dsp/GenDsp48E1.u_dsp48e1: When using the PreAdder and USE_DPORT is TRUE, the A operand should be restricted to 24 bit two's complement (and sign extended) to avoid over/underflow in the pre-add stage.
Related violations: <none>

REQP-1723#57 Warning
DSP_Abus_sign_bit_restriction  
design_1_i/dpuczdx8g_0/inst/GenDpu0.u_dpu0/m_dpu_top/m_conv_top/inst_pea/u_mults/GenAddGrp[6].GenAddCh[0].GenMultOcp[2].u_mult_dsp_tree/GenMultPair[1].Gen8x8.u_mult_dsp/u_dsp/GenDsp48E1.u_dsp48e1: When using the PreAdder and USE_DPORT is TRUE, the A operand should be restricted to 24 bit two's complement (and sign extended) to avoid over/underflow in the pre-add stage.
Related violations: <none>

REQP-1723#58 Warning
DSP_Abus_sign_bit_restriction  
design_1_i/dpuczdx8g_0/inst/GenDpu0.u_dpu0/m_dpu_top/m_conv_top/inst_pea/u_mults/GenAddGrp[6].GenAddCh[0].GenMultOcp[3].u_mult_dsp_tree/GenMultPair[0].Gen8x8.u_mult_dsp/u_dsp/GenDsp48E1.u_dsp48e1: When using the PreAdder and USE_DPORT is TRUE, the A operand should be restricted to 24 bit two's complement (and sign extended) to avoid over/underflow in the pre-add stage.
Related violations: <none>

REQP-1723#59 Warning
DSP_Abus_sign_bit_restriction  
design_1_i/dpuczdx8g_0/inst/GenDpu0.u_dpu0/m_dpu_top/m_conv_top/inst_pea/u_mults/GenAddGrp[6].GenAddCh[0].GenMultOcp[3].u_mult_dsp_tree/GenMultPair[1].Gen8x8.u_mult_dsp/u_dsp/GenDsp48E1.u_dsp48e1: When using the PreAdder and USE_DPORT is TRUE, the A operand should be restricted to 24 bit two's complement (and sign extended) to avoid over/underflow in the pre-add stage.
Related violations: <none>

REQP-1723#60 Warning
DSP_Abus_sign_bit_restriction  
design_1_i/dpuczdx8g_0/inst/GenDpu0.u_dpu0/m_dpu_top/m_conv_top/inst_pea/u_mults/GenAddGrp[7].GenAddCh[0].GenMultOcp[0].u_mult_dsp_tree/GenMultPair[0].Gen8x8.u_mult_dsp/u_dsp/GenDsp48E1.u_dsp48e1: When using the PreAdder and USE_DPORT is TRUE, the A operand should be restricted to 24 bit two's complement (and sign extended) to avoid over/underflow in the pre-add stage.
Related violations: <none>

REQP-1723#61 Warning
DSP_Abus_sign_bit_restriction  
design_1_i/dpuczdx8g_0/inst/GenDpu0.u_dpu0/m_dpu_top/m_conv_top/inst_pea/u_mults/GenAddGrp[7].GenAddCh[0].GenMultOcp[0].u_mult_dsp_tree/GenMultPair[1].Gen8x8.u_mult_dsp/u_dsp/GenDsp48E1.u_dsp48e1: When using the PreAdder and USE_DPORT is TRUE, the A operand should be restricted to 24 bit two's complement (and sign extended) to avoid over/underflow in the pre-add stage.
Related violations: <none>

REQP-1723#62 Warning
DSP_Abus_sign_bit_restriction  
design_1_i/dpuczdx8g_0/inst/GenDpu0.u_dpu0/m_dpu_top/m_conv_top/inst_pea/u_mults/GenAddGrp[7].GenAddCh[0].GenMultOcp[1].u_mult_dsp_tree/GenMultPair[0].Gen8x8.u_mult_dsp/u_dsp/GenDsp48E1.u_dsp48e1: When using the PreAdder and USE_DPORT is TRUE, the A operand should be restricted to 24 bit two's complement (and sign extended) to avoid over/underflow in the pre-add stage.
Related violations: <none>

REQP-1723#63 Warning
DSP_Abus_sign_bit_restriction  
design_1_i/dpuczdx8g_0/inst/GenDpu0.u_dpu0/m_dpu_top/m_conv_top/inst_pea/u_mults/GenAddGrp[7].GenAddCh[0].GenMultOcp[1].u_mult_dsp_tree/GenMultPair[1].Gen8x8.u_mult_dsp/u_dsp/GenDsp48E1.u_dsp48e1: When using the PreAdder and USE_DPORT is TRUE, the A operand should be restricted to 24 bit two's complement (and sign extended) to avoid over/underflow in the pre-add stage.
Related violations: <none>

REQP-1723#64 Warning
DSP_Abus_sign_bit_restriction  
design_1_i/dpuczdx8g_0/inst/GenDpu0.u_dpu0/m_dpu_top/m_conv_top/inst_pea/u_mults/GenAddGrp[7].GenAddCh[0].GenMultOcp[2].u_mult_dsp_tree/GenMultPair[0].Gen8x8.u_mult_dsp/u_dsp/GenDsp48E1.u_dsp48e1: When using the PreAdder and USE_DPORT is TRUE, the A operand should be restricted to 24 bit two's complement (and sign extended) to avoid over/underflow in the pre-add stage.
Related violations: <none>

REQP-1723#65 Warning
DSP_Abus_sign_bit_restriction  
design_1_i/dpuczdx8g_0/inst/GenDpu0.u_dpu0/m_dpu_top/m_conv_top/inst_pea/u_mults/GenAddGrp[7].GenAddCh[0].GenMultOcp[2].u_mult_dsp_tree/GenMultPair[1].Gen8x8.u_mult_dsp/u_dsp/GenDsp48E1.u_dsp48e1: When using the PreAdder and USE_DPORT is TRUE, the A operand should be restricted to 24 bit two's complement (and sign extended) to avoid over/underflow in the pre-add stage.
Related violations: <none>

REQP-1723#66 Warning
DSP_Abus_sign_bit_restriction  
design_1_i/dpuczdx8g_0/inst/GenDpu0.u_dpu0/m_dpu_top/m_conv_top/inst_pea/u_mults/GenAddGrp[7].GenAddCh[0].GenMultOcp[3].u_mult_dsp_tree/GenMultPair[0].Gen8x8.u_mult_dsp/u_dsp/GenDsp48E1.u_dsp48e1: When using the PreAdder and USE_DPORT is TRUE, the A operand should be restricted to 24 bit two's complement (and sign extended) to avoid over/underflow in the pre-add stage.
Related violations: <none>

REQP-1723#67 Warning
DSP_Abus_sign_bit_restriction  
design_1_i/dpuczdx8g_0/inst/GenDpu0.u_dpu0/m_dpu_top/m_conv_top/inst_pea/u_mults/GenAddGrp[7].GenAddCh[0].GenMultOcp[3].u_mult_dsp_tree/GenMultPair[1].Gen8x8.u_mult_dsp/u_dsp/GenDsp48E1.u_dsp48e1: When using the PreAdder and USE_DPORT is TRUE, the A operand should be restricted to 24 bit two's complement (and sign extended) to avoid over/underflow in the pre-add stage.
Related violations: <none>


