/inst/GenDpu0.u_dpu0/m_dpu_top/m_conv_top/inst_pea/u_adder/PEA_adder__GB1:764702118
/inst/GenDpu0.u_dpu0/m_dpu_top/dpu_top__GCB0:3185575969
/inst/GenDpu0.u_dpu0/m_dpu_top/dpu_top__GCB1:3404150967
/inst/GenDpu0.u_dpu0/m_dpu_top/m_save_top/u_save_data_and_cmd/save_hp2_hp0[1].u_savedata:3524477958
/inst/GenDpu0.u_dpu0/m_dpu_top/m_save_top/u_save_data_and_cmd/save_datacmd__GC0:3815500920
/inst/DPUCZDX8G_v4_1_0__GC0:1954726136
/inst/GenDpu0.u_dpu0/m_dpu_top/m_conv_top/inst_pea/PEA__GC0:1128685433
/inst/GenDpu0.u_dpu0/m_dpu_top/m_buf_writer/dm_write_ctrl:1088086209
/inst/GenDpu0.u_dpu0/m_dpu_top/m_save_top/u_save_data_and_cmd/save_hp2_hp0[0].u_savedata:3524477958
/inst/GenDpu0.u_dpu0/m_dpu_top/m_conv_top/conv_top__GC0:1294375755
/inst/GenDpu0.u_dpu0/m_dpu_top/m_save_top/save_top__GC0:3367825898
/inst/GenDpu0.u_dpu0/m_dpu_top/m_buf_writer/buf_writer__GB1:506228381
/inst/GenDpu0.u_dpu0/m_dpu_top/m_conv_top/inst_pea/u_adder/PEA_adder__GB0:1519607088
/inst/GenDpu0.u_dpu0/dpu_wrapper__GC0:3992645278
